2026-08-22T07:14:03.118+01:00
Thread 1 advanced to log sequence 38117 (LGWR switch), current SCN 912884771
2026-08-22T07:16:42.907+01:00
PARSING IN CURSOR #140541702881112 len=428 dep=0 uid=61 oct=3 lid=61 tim=1787379402907 hv=1928475611 ad='7f22a901' sqlid='5x3c9n1p8r2k'
2026-08-22T07:16:43.811+01:00
EXEC #140541702881112:c=91100,e=901772,p=0,cr=482,cu=0,mis=0,r=183,dep=0,og=1,tim=1787379403811
2026-08-22T07:20:11.091+01:00
WARNING: inbound connection timed out (ORA-3136)
2026-08-22T07:21:54.441+01:00
ORA-00060: deadlock detected while waiting for resource
2026-08-22T07:21:54.442+01:00
ORA-00060 occurred while executing SQL ID 8n4d1v7p2k0m
2026-08-22T07:21:54.443+01:00
Deadlock graph: Session 41 waits for TX-0012-00407; Session 57 waits for TX-0012-00391
2026-08-22T07:23:17.804+01:00
ORA-04031: unable to allocate 4096 bytes of shared memory ("shared pool","SQLA^6f9d1a2c","sga heap(1,0)","kglsim heap")
2026-08-22T07:23:17.805+01:00
Errors in file /u01/app/oracle/diag/rdbms/core/CORE/trace/CORE_ora_19441.trc
2026-08-22T07:25:03.662+01:00
Process J014 died, pid=57, oracle background process terminated unexpectedly
2026-08-22T07:28:41.230+01:00
ORA-01555: snapshot too old: rollback segment number 9 with name "_SYSSMU9_188472910$" too small
2026-08-22T07:28:41.231+01:00
ORA-01555 occurred while executing SQL ID 5x3c9n1p8r2k
2026-08-22T07:31:09.554+01:00
Thread 1 cannot allocate new log, sequence 38118
2026-08-22T07:31:10.019+01:00
Checkpoint not complete
2026-08-22T07:31:11.019+01:00
Thread 1 advanced to log sequence 38118
2026-08-22T07:33:52.772+01:00
RMAN-03009: failure of backup command on ORA_DISK_2 channel at 08/22/2026 07:33:52
2026-08-22T07:33:52.773+01:00
RMAN-06059: expected archived log not found, loss of archived log compromises recoverability
2026-08-22T07:33:52.774+01:00
RMAN-00569: =============== ERROR MESSAGE STACK FOLLOWS ===============
2026-08-22T07:36:14.221+01:00
ORA-12154: TNS:could not resolve the connect identifier specified
2026-08-22T07:36:14.223+01:00
TNS-03505: Failed to resolve name
2026-08-22T07:39:47.902+01:00
ORA-00600: internal error code, arguments: [kksfbc-reparse-in-fault], [0x7F11C2A0], [0x02], [0x00], [0x00]
2026-08-22T07:39:47.904+01:00
Errors in file /u01/app/oracle/diag/rdbms/core/CORE/trace/CORE_ora_19455.trc (incident=901227)
