2026-08-22 07:45:12.441 CET [30811] LOG: database system is ready to accept connections
2026-08-22 07:47:03.119 CET [30824] LOG: connection received: host=10.44.6.18 port=55231
2026-08-22 07:47:03.121 CET [30824] LOG: connection authenticated: identity="svc_orders" method=scram-sha-256 (/var/lib/postgresql/16/main/pg_hba.conf:117)
2026-08-22 07:47:03.122 CET [30824] LOG: connection authorized: user=svc_orders database=orders_prod SSL enabled
2026-08-22 07:49:18.770 CET [30837] ERROR: duplicate key value violates unique constraint "orders_reference_key"
2026-08-22 07:49:18.771 CET [30837] DETAIL: Key (external_reference)=(ORD-EU-884221) already exists.
2026-08-22 07:49:18.772 CET [30837] STATEMENT: INSERT INTO orders(external_reference, customer_id, amount) VALUES ('ORD-EU-884221', 1299.90, 74211)
2026-08-22 07:52:04.318 CET [30849] ERROR: could not serialize access due to concurrent update
2026-08-22 07:52:04.318 CET [30849] DETAIL: Reason code: Canceled on identification as a pivot, during write.
2026-08-22 07:52:04.319 CET [30849] HINT: Retry the transaction.
2026-08-22 07:52:04.320 CET [30849] STATEMENT: UPDATE customer_balances SET available=available-100 WHERE customer_id=74211
2026-08-22 07:55:01.004 CET [30856] ERROR: column "settlement_status" of relation "payments" does not exist
2026-08-22 07:55:01.005 CET [30856] HINT: Perhaps you meant to reference the column "payments.status".
2026-08-22 07:55:01.006 CET [30856] STATEMENT: SELECT payment_id, settlement_status FROM payments WHERE payment_id = 918271
2026-08-22 07:58:39.622 CET [30871] FATAL: remaining connection slots are reserved for non-replication superuser connections
2026-08-22 07:58:40.011 CET [30872] FATAL: sorry, too many clients already
2026-08-22 08:01:26.499 CET [30891] ERROR: deadlock detected
2026-08-22 08:01:26.500 CET [30891] DETAIL: Process 30891 waits for ShareLock on transaction 114728; blocked by process 30893. Process 30893 waits for ShareLock on transaction 114729; blocked by process 30891.
2026-08-22 08:01:26.501 CET [30891] HINT: See server log for query details.
2026-08-22 08:01:26.502 CET [30891] STATEMENT: UPDATE inventory SET reserved_qty = reserved_qty + 1 WHERE sku = 'SKU-EU-44192'
2026-08-22 08:04:15.884 CET [30907] LOG: checkpoint starting: time
2026-08-22 08:04:17.020 CET [30907] LOG: checkpoint complete: wrote 1481 buffers (9.2%); 0 WAL file(s) added, 0 removed, 1 recycled; write=36.401 s, sync=0.733 s, total=37.199 s
2026-08-22 08:07:49.117 CET [30918] FATAL: password authentication failed for user "replica_reader"
2026-08-22 08:07:49.118 CET [30918] DETAIL: Connection matched pg_hba.conf line 130: "hostssl replication replica_reader 10.44.0.0/16 scram-sha-256"
2026-08-22 08:10:52.611 CET [30927] ERROR: value too long for type character varying(16)
2026-08-22 08:10:52.612 CET [30927] STATEMENT: INSERT INTO region_codes(code) VALUES ('EUROPE-WEST-CENTRAL')
